00000000 00100000  ldc 4096
00000001 0000000B  a2sp
00000002 FFFFFF0A  adj -1
00000003 0000020D  call sort
00000004 0000010A  adj 1
00000005 00000012  HALT
00000006 sort:
00000006 FFFFF90A  adj -7
00000007 00000103  stl 1
00000008 00000000  ldc 0
00000009 00000203  stl 2
0000000A outer:
0000000A 00004400  ldc N
0000000B 00000004  ldnl 0
0000000C FFFFFF01  adc -1
0000000D 00000003  stl 0
0000000E 00000202  ldl 2
0000000F 00000002  ldl 0
00000010 00000007  sub
00000011 00000110  brlz outer_body
00000012 00002E11  br sort_done
00000013 outer_body:
00000013 00000000  ldc 0
00000014 00000303  stl 3
00000015 inner:
00000015 00004400  ldc N
00000016 00000004  ldnl 0
00000017 FFFFFF01  adc -1
00000018 00000003  stl 0
00000019 00000202  ldl 2
0000001A 00000002  ldl 0
0000001B 00000007  sub
0000001C 00000302  ldl 3
0000001D 00000006  add
0000001E 00000110  brlz inner_body
0000001F 00001D11  br next_outer
00000020 inner_body:
00000020 00004500  ldc array
00000021 00000302  ldl 3
00000022 00000006  add
00000023 00000503  stl 5
00000024 00004500  ldc array
00000025 00000302  ldl 3
00000026 00000101  adc 1
00000027 00000006  add
00000028 00000603  stl 6
00000029 00000502  ldl 5
0000002A 00000004  ldnl 0
0000002B 00000403  stl 4
0000002C 00000602  ldl 6
0000002D 00000004  ldnl 0
0000002E 00000402  ldl 4
0000002F 00000007  sub
00000030 00000110  brlz do_swap
00000031 00000711  br no_swap
00000032 do_swap:
00000032 00000602  ldl 6
00000033 00000004  ldnl 0
00000034 00000502  ldl 5
00000035 00000005  stnl 0
00000036 00000402  ldl 4
00000037 00000602  ldl 6
00000038 00000005  stnl 0
00000039 no_swap:
00000039 00000302  ldl 3
0000003A 00000101  adc 1
0000003B 00000303  stl 3
0000003C FFFFD811  br inner
0000003D next_outer:
0000003D 00000202  ldl 2
0000003E 00000101  adc 1
0000003F 00000203  stl 2
00000040 FFFFC911  br outer
00000041 sort_done:
00000041 00000102  ldl 1
00000042 0000070A  adj 7
00000043 0000000E  return
00000044 N:
00000044 00000008  data 8
00000045 array:
00000045 00000040  data 64
00000046 00000019  data 25
00000047 0000000C  data 12
00000048 00000057  data 87
00000049 00000003  data 3
0000004A 0000002D  data 45
0000004B 0000004E  data 78
0000004C 00000013  data 19
