00000000 ldc
00000001 a2sp
00000002 adj
00000003 call
00000004 adj
00000005 ldc
00000006 ldnl
00000007 HALT
00000008 main:
00000008 adj
00000009 stl
0000000A ldc
0000000B stl
0000000C ldc
0000000D stl
0000000E outer:
0000000E ldc
0000000F ldnl
00000010 stl
00000011 ldl
00000012 ldl
00000013 sub
00000014 brlz
00000015 brz
00000016 br
00000017 do_mul:
00000017 ldc
00000018 stl
00000019 ldl
0000001A stl
0000001B inner:
0000001B ldl
0000001C brz
0000001D ldl
0000001E ldl
0000001F add
00000020 stl
00000021 ldl
00000022 adc
00000023 stl
00000024 br
00000025 mul_done:
00000025 ldl
00000026 stl
00000027 ldl
00000028 adc
00000029 stl
0000002A br
0000002B outer_done:
0000002B ldl
0000002C ldc
0000002D stnl
0000002E ldl
0000002F adj
00000030 return
00000031 N:
00000031 data
00000032 result:
00000032 data
