00000000 00100000  ldc 4096
00000001 0000000B  a2sp
00000002 FFFFFF0A  adj -1
00000003 0000040D  call main
00000004 0000010A  adj 1
00000005 00002000  ldc result
00000006 00000004  ldnl 0
00000007 00000012  HALT
00000008 main:
00000008 FFFFFC0A  adj -4
00000009 00000103  stl 1
0000000A 00000600  ldc 6
0000000B 00000203  stl 2
0000000C 00000700  ldc 7
0000000D 00000303  stl 3
0000000E 00000000  ldc 0
0000000F 00000403  stl 4
00000010 loop:
00000010 00000302  ldl 3
00000011 0000080F  brz done
00000012 00000402  ldl 4
00000013 00000202  ldl 2
00000014 00000006  add
00000015 00000403  stl 4
00000016 00000302  ldl 3
00000017 FFFFFF01  adc -1
00000018 00000303  stl 3
00000019 FFFFF611  br loop
0000001A done:
0000001A 00000402  ldl 4
0000001B 00002000  ldc result
0000001C 00000005  stnl 0
0000001D 00000102  ldl 1
0000001E 0000040A  adj 4
0000001F 0000000E  return
00000020 result:
00000020 00000000  data 0
