00000000 00100000  ldc 4096
00000001 0000000B  a2sp
00000002 FFFFFC0A  adj -4
00000003 00002B00  ldc count
00000004 00000004  ldnl 0
00000005 00000003  stl 0
00000006 00000000  ldc 0
00000007 00000103  stl 1
00000008 loop:
00000008 00000102  ldl 1
00000009 00000002  ldl 0
0000000A 00000007  sub
0000000B 00000110  brlz compute
0000000C 00001D11  br done
0000000D compute:
0000000D 00000000  ldc 0
0000000E 00000203  stl 2
0000000F 00000100  ldc 1
00000010 00000303  stl 3
00000011 inner:
00000011 00000302  ldl 3
00000012 00000102  ldl 1
00000013 00000007  sub
00000014 00000210  brlz add_step
00000015 0000010F  brz add_step
00000016 00000811  br store
00000017 add_step:
00000017 00000202  ldl 2
00000018 00000302  ldl 3
00000019 00000006  add
0000001A 00000203  stl 2
0000001B 00000302  ldl 3
0000001C 00000101  adc 1
0000001D 00000303  stl 3
0000001E FFFFF211  br inner
0000001F store:
0000001F 00000202  ldl 2
00000020 00000303  stl 3
00000021 00002C00  ldc result
00000022 00000102  ldl 1
00000023 00000006  add
00000024 00000202  ldl 2
00000025 00000005  stnl 0
00000026 00000102  ldl 1
00000027 00000101  adc 1
00000028 00000103  stl 1
00000029 FFFFDE11  br loop
0000002A done:
0000002A 00000012  HALT
0000002B count:
0000002B 0000000A  data 10
0000002C result:
0000002C 00000000  data 0
