00000000 00100000  ldc 4096
00000001 0000000B  a2sp
00000002 FFFFFF0A  adj -1
00000003 0000020D  call main
00000004 0000010A  adj 1
00000005 00000012  HALT
00000006 main:
00000006 FFFFFD0A  adj -3
00000007 00000103  stl 1
00000008 00000000  ldc 0
00000009 00000203  stl 2
0000000A 00000000  ldc 0
0000000B 00000303  stl 3
0000000C loop:
0000000C 00002500  ldc N
0000000D 00000004  ldnl 0
0000000E 00000003  stl 0
0000000F 00000202  ldl 2
00000010 00000002  ldl 0
00000011 00000007  sub
00000012 00000110  brlz loop_body
00000013 00000B11  br loop_done
00000014 loop_body:
00000014 00002600  ldc array
00000015 00000202  ldl 2
00000016 00000006  add
00000017 00000004  ldnl 0
00000018 00000302  ldl 3
00000019 00000006  add
0000001A 00000303  stl 3
0000001B 00000202  ldl 2
0000001C 00000101  adc 1
0000001D 00000203  stl 2
0000001E FFFFED11  br loop
0000001F loop_done:
0000001F 00000302  ldl 3
00000020 00002B00  ldc result
00000021 00000005  stnl 0
00000022 00000102  ldl 1
00000023 0000030A  adj 3
00000024 0000000E  return
00000025 N:
00000025 00000005  data 5
00000026 array:
00000026 0000000A  data 10
00000027 00000014  data 20
00000028 0000001E  data 30
00000029 00000028  data 40
0000002A 00000032  data 50
0000002B result:
0000002B 00000000  data 0
